// Jest Snapshot v1, https://goo.gl/fbAQLP

exports[`[PasswordInput Component] renders without crashing 1`] = `
<body>
  <div>
    <label
      class="rcx-box rcx-box--full rcx-label rcx-box rcx-box--full rcx-box--animated rcx-input-box__wrapper"
    >
      <input
        aria-label="password"
        class="rcx-box rcx-box--full rcx-box--animated rcx-input-box--undecorated rcx-input-box--type-password rcx-input-box"
        size="1"
        type="password"
      />
      <span
        class="rcx-box rcx-box--full rcx-input-box__addon"
      >
        <i
          aria-hidden="true"
          class="rcx-box rcx-box--full rcx-icon--name-eye-off rcx-icon rcx-css-1bepdyv"
        >
          î€«
        </i>
      </span>
    </label>
  </div>
</body>
`;
