// Jest Snapshot v1, https://goo.gl/fbAQLP

exports[`[SidePanel Component] renders Default without crashing 1`] = `
<body>
  <div>
    <div
      class="rcx-box rcx-box--full rcx-css-12lv4r1"
    >
      <div
        class="rcx-sidepanel"
      >
        <div
          class="rcx-sidepanel-header"
        >
          <div
            class="rcx-sidepanel-header__title"
          >
            All
          </div>
          <button
            class="rcx-box rcx-box--full rcx-button--large-square rcx-button--square rcx-button--icon rcx-button rcx-css-vb40hi"
            title="menu"
            type="button"
          >
            <i
              aria-hidden="true"
              class="rcx-box rcx-box--full rcx-icon--name-burger-menu rcx-icon rcx-css-1x2l7ts"
            >
              
            </i>
          </button>
        </div>
        <div
          class="rcx-sidepanel-section"
        >
          <label
            class="rcx-box rcx-box--full rcx-label  rcx-box rcx-box--full rcx-box--animated rcx-input-box__wrapper"
          >
            <input
              class="rcx-box rcx-box--full rcx-box--animated rcx-input-box--undecorated rcx-input-box--type-text rcx-input-box"
              placeholder="Search"
              size="1"
              type="text"
            />
            <span
              class="rcx-box rcx-box--full rcx-input-box__addon"
            >
              <i
                aria-hidden="true"
                class="rcx-box rcx-box--full rcx-icon--name-magnifier rcx-icon rcx-css-sgixmw"
              >
                
              </i>
            </span>
          </label>
        </div>
        <div
          class="rcx-sidepanel-list"
          role="list"
        >
          <div
            class="rcx-sidepanel-list__item"
            role="listitem"
          >
            Item 
            0
          </div>
          <div
            class="rcx-sidepanel-list__item"
            role="listitem"
          >
            Item 
            1
          </div>
          <div
            class="rcx-sidepanel-list__item"
            role="listitem"
          >
            Item 
            2
          </div>
          <div
            class="rcx-sidepanel-list__item"
            role="listitem"
          >
            Item 
            3
          </div>
          <div
            class="rcx-sidepanel-list__item"
            role="listitem"
          >
            Item 
            4
          </div>
          <div
            class="rcx-sidepanel-list__item"
            role="listitem"
          >
            Item 
            5
          </div>
          <div
            class="rcx-sidepanel-list__item"
            role="listitem"
          >
            Item 
            6
          </div>
          <div
            class="rcx-sidepanel-list__item"
            role="listitem"
          >
            Item 
            7
          </div>
          <div
            class="rcx-sidepanel-list__item"
            role="listitem"
          >
            Item 
            8
          </div>
          <div
            class="rcx-sidepanel-list__item"
            role="listitem"
          >
            Item 
            9
          </div>
          <div
            class="rcx-sidepanel-list__item"
            role="listitem"
          >
            Item 
            10
          </div>
          <div
            class="rcx-sidepanel-list__item"
            role="listitem"
          >
            Item 
            11
          </div>
          <div
            class="rcx-sidepanel-list__item"
            role="listitem"
          >
            Item 
            12
          </div>
          <div
            class="rcx-sidepanel-list__item"
            role="listitem"
          >
            Item 
            13
          </div>
          <div
            class="rcx-sidepanel-list__item"
            role="listitem"
          >
            Item 
            14
          </div>
          <div
            class="rcx-sidepanel-list__item"
            role="listitem"
          >
            Item 
            15
          </div>
          <div
            class="rcx-sidepanel-list__item"
            role="listitem"
          >
            Item 
            16
          </div>
          <div
            class="rcx-sidepanel-list__item"
            role="listitem"
          >
            Item 
            17
          </div>
          <div
            class="rcx-sidepanel-list__item"
            role="listitem"
          >
            Item 
            18
          </div>
          <div
            class="rcx-sidepanel-list__item"
            role="listitem"
          >
            Item 
            19
          </div>
        </div>
      </div>
    </div>
  </div>
</body>
`;
