// Jest Snapshot v1, https://goo.gl/fbAQLP

exports[`[SearchInput Component] renders without crashing 1`] = `
<body>
  <div>
    <input
      aria-label="search"
      class="rcx-box rcx-box--full rcx-box--animated rcx-input-box--type-search rcx-input-box"
      size="1"
      type="search"
    />
  </div>
</body>
`;
