// Jest Snapshot v1, https://goo.gl/fbAQLP

exports[`[EmailInput Component] renders without crashing 1`] = `
<body>
  <div>
    <input
      aria-label="email"
      class="rcx-box rcx-box--full rcx-box--animated rcx-input-box--type-email rcx-input-box"
      size="1"
      type="email"
    />
  </div>
</body>
`;
