// Jest Snapshot v1, https://goo.gl/fbAQLP

exports[`renders SystemDarkMode without crashing 1`] = `
<body>
  <div>
    <div
      class="rcx-css-1xwia34"
    >
      <div
        class="rcx-box rcx-box--full rcx-tile--elevation-1 rcx-tile rcx-css-4jy2w6"
      >
        An example tile
      </div>
    </div>
  </div>
</body>
`;
