// Jest Snapshot v1, https://goo.gl/fbAQLP

exports[`[NavBar Component] renders Default without crashing 1`] = `
<body>
  <div>
    <div
      class="rcx-box rcx-box--full rcx-css-1qvl0ud"
    >
      <nav
        class="rcx-navbar"
      >
        <span
          class="rcx-navbar-section"
        >
          <div
            class="rcx-button-group rcx-button-group--align-start rcx-navbar-group"
            role="toolbar"
          >
            <button
              class="rcx-box rcx-box--full rcx-navbar-item rcx-button--small-square rcx-button--square rcx-button--icon rcx-button  rcx-button-group__item"
              title="home"
              type="button"
            >
              <i
                aria-hidden="true"
                class="rcx-box rcx-box--full rcx-icon--name-home rcx-icon rcx-css-4pvxx3"
              >
                
              </i>
            </button>
            <button
              class="rcx-box rcx-box--full rcx-navbar-item rcx-button--small-square rcx-button--square rcx-button--icon rcx-button  rcx-button-group__item"
              title="marketplace"
              type="button"
            >
              <i
                aria-hidden="true"
                class="rcx-box rcx-box--full rcx-icon--name-store rcx-icon rcx-css-4pvxx3"
              >
                
              </i>
            </button>
            <button
              class="rcx-box rcx-box--full rcx-navbar-item rcx-button--small-square rcx-button--square rcx-button--icon rcx-button  rcx-button-group__item"
              title="directory"
              type="button"
            >
              <i
                aria-hidden="true"
                class="rcx-box rcx-box--full rcx-icon--name-notebook-hashtag rcx-icon rcx-css-4pvxx3"
              >
                
              </i>
            </button>
            <button
              class="rcx-box rcx-box--full rcx-navbar-item rcx-button--small-square rcx-button--square rcx-button--icon rcx-button  rcx-button-group__item"
              title="audit"
              type="button"
            >
              <i
                aria-hidden="true"
                class="rcx-box rcx-box--full rcx-icon--name-document-eye rcx-icon rcx-css-4pvxx3"
              >
                
              </i>
            </button>
            <button
              class="rcx-box rcx-box--full rcx-navbar-item rcx-button--small-square rcx-button--square rcx-button--icon rcx-button  rcx-button-group__item"
              title="contacts"
              type="button"
            >
              <i
                aria-hidden="true"
                class="rcx-box rcx-box--full rcx-icon--name-address-book rcx-icon rcx-css-4pvxx3"
              >
                
              </i>
            </button>
          </div>
          <hr
            class="rcx-box rcx-box--full rcx-navbar-divider rcx-divider--vertical rcx-divider"
          />
          <div
            class="rcx-button-group rcx-button-group--align-start rcx-navbar-group"
            role="toolbar"
          >
            <button
              aria-expanded="false"
              aria-haspopup="true"
              class="rcx-box rcx-box--full rcx-button--small-square rcx-button--square rcx-button--icon rcx-button  rcx-button-group__item"
              id="react-aria-1"
              title="sort"
              type="button"
            >
              <i
                aria-hidden="true"
                class="rcx-box rcx-box--full rcx-icon--name-sort rcx-icon rcx-css-4pvxx3"
              >
                
              </i>
            </button>
            <button
              class="rcx-box rcx-box--full rcx-navbar-item rcx-button--small-square rcx-button--square rcx-button--icon rcx-button  rcx-button-group__item"
              title="search"
              type="button"
            >
              <i
                aria-hidden="true"
                class="rcx-box rcx-box--full rcx-icon--name-magnifier rcx-icon rcx-css-4pvxx3"
              >
                
              </i>
            </button>
            <button
              aria-expanded="false"
              aria-haspopup="true"
              class="rcx-box rcx-box--full rcx-button--small-square rcx-button--square rcx-button--icon rcx-button  rcx-button-group__item"
              id="react-aria-3"
              title="create new"
              type="button"
            >
              <i
                aria-hidden="true"
                class="rcx-box rcx-box--full rcx-icon--name-pencil-box rcx-icon rcx-css-4pvxx3"
              >
                ⦑
              </i>
            </button>
          </div>
          <hr
            class="rcx-box rcx-box--full rcx-navbar-divider rcx-divider--vertical rcx-divider"
          />
          <div
            class="rcx-button-group rcx-button-group--align-start rcx-navbar-group"
            role="toolbar"
          >
            <button
              class="rcx-box rcx-box--full rcx-navbar-item rcx-button--small-square rcx-button--square rcx-button--icon rcx-button  rcx-button-group__item"
              title="dialpad"
              type="button"
            >
              <i
                aria-hidden="true"
                class="rcx-box rcx-box--full rcx-icon--name-dialpad rcx-icon rcx-css-4pvxx3"
              >
                
              </i>
            </button>
            <button
              class="rcx-box rcx-box--full rcx-navbar-item rcx-button--small-square rcx-button--square rcx-button--icon rcx-button  rcx-button-group__item"
              title="live"
              type="button"
            >
              <i
                aria-hidden="true"
                class="rcx-box rcx-box--full rcx-icon--name-live rcx-icon rcx-css-4pvxx3"
              >
                
              </i>
            </button>
            <button
              class="rcx-box rcx-box--full rcx-navbar-item rcx-button--small-square rcx-button--square rcx-button--icon rcx-button  rcx-button-group__item"
              title="phone-disabled"
              type="button"
            >
              <i
                aria-hidden="true"
                class="rcx-box rcx-box--full rcx-icon--name-phone-disabled rcx-icon rcx-css-4pvxx3"
              >
                
              </i>
            </button>
            <button
              class="rcx-box rcx-box--full rcx-navbar-item rcx-button--small-square rcx-button--square rcx-button--icon rcx-button  rcx-button-group__item"
              title="message-disabled"
              type="button"
            >
              <i
                aria-hidden="true"
                class="rcx-box rcx-box--full rcx-icon--name-message-disabled rcx-icon rcx-css-4pvxx3"
              >
                
              </i>
            </button>
          </div>
        </span>
        <span
          class="rcx-navbar-section"
        >
          <div
            class="rcx-button-group rcx-button-group--align-start rcx-navbar-group"
            role="group"
          >
            <button
              class="rcx-box rcx-box--full rcx-navbar-item rcx-button--small-square rcx-button--square rcx-button--icon rcx-button  rcx-button-group__item"
              title="preferences"
              type="button"
            >
              <i
                aria-hidden="true"
                class="rcx-box rcx-box--full rcx-icon--name-cog rcx-icon rcx-css-4pvxx3"
              >
                
              </i>
            </button>
            <button
              aria-expanded="false"
              aria-haspopup="true"
              class="rcx-box rcx-box--full rcx-button--small-square rcx-button--square rcx-button--icon rcx-button  rcx-button-group__item"
              id="react-aria-5"
              title="profile"
              type="button"
            >
              <figure
                class="rcx-box rcx-box--full rcx-avatar rcx-avatar--x28"
              >
                <img
                  alt="user avatar"
                  class="rcx-avatar__element rcx-avatar__element--x28"
                  src="data:image/jpeg;base64,/9j/4AAQSkZJRgABAQAAAQABAAD/2wBDAAgGBgcGBQgHBwcJCQgKDBQNDAsLDBkSEw8UHRofHh0aHBwgJC4nICIsIxwcKDcpLDAxNDQ0Hyc5PTgyPC4zNDL/2wBDAQkJCQwLDBgNDRgyIRwhMjIyMjIyMjIyMjIyMjIyMjIyMjIyMjIyMjIyMjIyMjIyMjIyMjIyMjIyMjIyMjIyMjL/wAARCAAoACgDASIAAhEBAxEB/8QAGwAAAgIDAQAAAAAAAAAAAAAAAAcEBgIDBQj/xAAuEAACAQQAAwcEAQUAAAAAAAABAgMABAUREiExBhMUIkFRYQcWcYGhFTJSgpH/xAAYAQADAQEAAAAAAAAAAAAAAAACAwQBAP/EAB4RAAIBBQEBAQAAAAAAAAAAAAABAgMREiExE0HR/9oADAMBAAIRAxEAPwBuXuIkhBuMe5ib/AHQP49q4L3mLitryTLTSpOiHQI5k/HzXa/qbFOEudVTu1dumWvcTaNCZYZ7vU6g6LxqjOU/24dfs1Ouh9FnkMpd3Reeyx83hAxZZEhkdV9/MBrX71WGPvJcqrJBGveKATtuXXqNU0pu02bTHXD/AGvJAluyxxRd6F4x00o+NdKoVrjbzJdvVe1t5cVLc2ck8qjnohgpPtz2v7G6JtPQ2VJwjlcw+37mchpnK6GtIuv5NFWeTsLNPvxWTvpfjvOEfwKKzEVkSct2vscS/BIzSN0YRkeX81UpPqO8masJETu7OOccY4dswYFQeftv096XV5knuJGdm2T1+agvMXj8jEaHX905QihabvcbuS7X566mLWLwSY8PuRnk/u4eZ0deTl71Ef6hY+0yM88TzeNZY4luYwpVYyduOfrvhPTnr0pXSX9y5mCsyJMdyxxvwq599em+taItqCSNc90ChvZRUruUcT0JiO18Elpk7t8v41LWzacxkBSuvjQ/FFJayjDWrCTepAQ2vUH0oo/Jk3ovpwJJeVCP5CN+lFFaaMqy+nAyuChvrTI2kN9JAsi2ZOy4IBHMnkSCP+iqBexSWdxLazoUljJVlPUH2oorkV10pRc7b1zXb/hZOzuJvM86QWEXeELxOzHSIPcmiiiunVlF2RNTpRkrs//Z"
                />
              </figure>
            </button>
          </div>
        </span>
      </nav>
    </div>
  </div>
</body>
`;
