// Jest Snapshot v1, https://goo.gl/fbAQLP

exports[`renders Default without crashing 1`] = `
<body>
  <div>
    <div
      class="rcx-box rcx-box--full rcx-css-j3csb7"
    >
      <div
        class="rcx-message-divider"
        role="separator"
      >
        <div
          class="rcx-message-divider__bar"
        />
        <div
          class="rcx-message-divider__wrapper"
        >
          May, 24, 2020
        </div>
         
        <div
          class="rcx-message-divider__bar"
        />
      </div>
      <div
        class="rcx-box rcx-box--full rcx-message-system"
      >
        <div
          class="rcx-box rcx-box--full rcx-message-container rcx-message-container--left"
        >
          <figure
            class="rcx-box rcx-box--full rcx-avatar rcx-avatar--x18"
          >
            <img
              alt=""
              class="rcx-avatar__element rcx-avatar__element--x18"
              src="data:image/jpeg;base64,/9j/4AAQSkZJRgABAQAAAQABAAD/2wBDAAgGBgcGBQgHBwcJCQgKDBQNDAsLDBkSEw8UHRofHh0aHBwgJC
                4nICIsIxwcKDcpLDAxNDQ0Hyc5PTgyPC4zNDL/2wBDAQkJCQwLDBgNDRgyIRwhMjIyMjIyMjIyMjIyMjIyMjIyMjIyMjIyMjIyMjIyMjIyMj
                IyMjIyMjIyMjIyMjIyMjL/wAARCAAoACgDASIAAhEBAxEB/8QAGwAAAgIDAQAAAAAAAAAAAAAAAAcEBgIDBQj/xAAuEAACAQQAAwcEAQUAAA
                AAAAABAgMABAUREiExBhMUIkFRYQcWcYGhFTJSgpH/xAAYAQADAQEAAAAAAAAAAAAAAAACAwQBAP/EAB4RAAIBBQEBAQAAAAAAAAAAAAABAg
                MREiExE0HR/9oADAMBAAIRAxEAPwBuXuIkhBuMe5ib/AHQP49q4L3mLitryTLTSpOiHQI5k/HzXa/qbFOEudVTu1dumWvcTaNCZYZ7vU6g6L
                xqjOU/24dfs1Ouh9FnkMpd3Reeyx83hAxZZEhkdV9/MBrX71WGPvJcqrJBGveKATtuXXqNU0pu02bTHXD/AGvJAluyxxRd6F4x00o+NdKoVr
                jbzJdvVe1t5cVLc2ck8qjnohgpPtz2v7G6JtPQ2VJwjlcw+37mchpnK6GtIuv5NFWeTsLNPvxWTvpfjvOEfwKKzEVkSct2vscS/BIzSN0YRk
                eX81UpPqO8masJETu7OOccY4dswYFQeftv096XV5knuJGdm2T1+agvMXj8jEaHX905QihabvcbuS7X566mLWLwSY8PuRnk/u4eZ0deTl71Ef
                6hY+0yM88TzeNZY4luYwpVYyduOfrvhPTnr0pXSX9y5mCsyJMdyxxvwq599em+taItqCSNc90ChvZRUruUcT0JiO18Elpk7t8v41LWzacxkB
                SuvjQ/FFJayjDWrCTepAQ2vUH0oo/Jk3ovpwJJeVCP5CN+lFFaaMqy+nAyuChvrTI2kN9JAsi2ZOy4IBHMnkSCP+iqBexSWdxLazoUljJVlP
                UH2oorkV10pRc7b1zXb/hZOzuJvM86QWEXeELxOzHSIPcmiiiunVlF2RNTpRkrs//Z"
            />
          </figure>
        </div>
        <div
          class="rcx-box rcx-box--full rcx-message-system__container"
        >
          <div
            class="rcx-message-system__block"
          >
            <span
              class="rcx-box rcx-box--full rcx-message-header__name-container"
            >
              <span
                class="rcx-box rcx-box--full rcx-message-system__name"
              >
                Haylie George
              </span>
            </span>
            <div
              class="rcx-message-system__body"
            >
              Ut enim ad minim veniam, quis nostrud exercitation ullamco laboris nisi ut aliquip ex ea commodo consequat a duis aute irure dolor in reprehenderit in voluptate velit esse cillum dolore eu fugiat nulla pariatur. Consectetur adipiscing elit, sed do eiusmod tempor incididunt ut labore et dolore magna aliqua. Ut enim ad minim veniam...
            </div>
            <span
              class="rcx-box rcx-box--full rcx-message-system__time"
            >
              12:00 PM
            </span>
          </div>
        </div>
      </div>
      <div
        class="rcx-message-divider rcx-message-divider--unread"
        role="separator"
      >
        <div
          class="rcx-message-divider__bar"
        />
        <div
          class="rcx-message-divider__wrapper"
        >
          May, 24, 2020
        </div>
         
        <div
          class="rcx-message-divider__bar"
        >
          <div
            class="rcx-message-divider__wrapper--unread"
          >
            Unread
          </div>
        </div>
      </div>
      <div
        class="rcx-box rcx-box--full rcx-message-system"
      >
        <div
          class="rcx-box rcx-box--full rcx-message-container rcx-message-container--left"
        >
          <figure
            class="rcx-box rcx-box--full rcx-avatar rcx-avatar--x18"
          >
            <img
              alt=""
              class="rcx-avatar__element rcx-avatar__element--x18"
              src="data:image/jpeg;base64,/9j/4AAQSkZJRgABAQAAAQABAAD/2wBDAAgGBgcGBQgHBwcJCQgKDBQNDAsLDBkSEw8UHRofHh0aHBwgJC
                4nICIsIxwcKDcpLDAxNDQ0Hyc5PTgyPC4zNDL/2wBDAQkJCQwLDBgNDRgyIRwhMjIyMjIyMjIyMjIyMjIyMjIyMjIyMjIyMjIyMjIyMjIyMj
                IyMjIyMjIyMjIyMjIyMjL/wAARCAAoACgDASIAAhEBAxEB/8QAGwAAAgIDAQAAAAAAAAAAAAAAAAcEBgIDBQj/xAAuEAACAQQAAwcEAQUAAA
                AAAAABAgMABAUREiExBhMUIkFRYQcWcYGhFTJSgpH/xAAYAQADAQEAAAAAAAAAAAAAAAACAwQBAP/EAB4RAAIBBQEBAQAAAAAAAAAAAAABAg
                MREiExE0HR/9oADAMBAAIRAxEAPwBuXuIkhBuMe5ib/AHQP49q4L3mLitryTLTSpOiHQI5k/HzXa/qbFOEudVTu1dumWvcTaNCZYZ7vU6g6L
                xqjOU/24dfs1Ouh9FnkMpd3Reeyx83hAxZZEhkdV9/MBrX71WGPvJcqrJBGveKATtuXXqNU0pu02bTHXD/AGvJAluyxxRd6F4x00o+NdKoVr
                jbzJdvVe1t5cVLc2ck8qjnohgpPtz2v7G6JtPQ2VJwjlcw+37mchpnK6GtIuv5NFWeTsLNPvxWTvpfjvOEfwKKzEVkSct2vscS/BIzSN0YRk
                eX81UpPqO8masJETu7OOccY4dswYFQeftv096XV5knuJGdm2T1+agvMXj8jEaHX905QihabvcbuS7X566mLWLwSY8PuRnk/u4eZ0deTl71Ef
                6hY+0yM88TzeNZY4luYwpVYyduOfrvhPTnr0pXSX9y5mCsyJMdyxxvwq599em+taItqCSNc90ChvZRUruUcT0JiO18Elpk7t8v41LWzacxkB
                SuvjQ/FFJayjDWrCTepAQ2vUH0oo/Jk3ovpwJJeVCP5CN+lFFaaMqy+nAyuChvrTI2kN9JAsi2ZOy4IBHMnkSCP+iqBexSWdxLazoUljJVlP
                UH2oorkV10pRc7b1zXb/hZOzuJvM86QWEXeELxOzHSIPcmiiiunVlF2RNTpRkrs//Z"
            />
          </figure>
        </div>
        <div
          class="rcx-box rcx-box--full rcx-message-system__container"
        >
          <div
            class="rcx-message-system__block"
          >
            <span
              class="rcx-box rcx-box--full rcx-message-header__name-container"
            >
              <span
                class="rcx-box rcx-box--full rcx-message-system__name"
              >
                Haylie George
              </span>
            </span>
            <div
              class="rcx-message-system__body"
            >
              Ut enim ad minim veniam, quis nostrud exercitation ullamco laboris nisi ut aliquip ex ea commodo consequat a duis aute irure dolor in reprehenderit in voluptate velit esse cillum dolore eu fugiat nulla pariatur. Consectetur adipiscing elit, sed do eiusmod tempor incididunt ut labore et dolore magna aliqua. Ut enim ad minim veniam...
            </div>
            <span
              class="rcx-box rcx-box--full rcx-message-system__time"
            >
              12:00 PM
            </span>
          </div>
        </div>
      </div>
      <div
        class="rcx-box rcx-box--full rcx-message-system"
      >
        <div
          class="rcx-box rcx-box--full rcx-message-container rcx-message-container--left"
        >
          <figure
            class="rcx-box rcx-box--full rcx-avatar rcx-avatar--x18"
          >
            <img
              alt=""
              class="rcx-avatar__element rcx-avatar__element--x18"
              src="data:image/jpeg;base64,/9j/4AAQSkZJRgABAQAAAQABAAD/2wBDAAgGBgcGBQgHBwcJCQgKDBQNDAsLDBkSEw8UHRofHh0aHBwgJC
                4nICIsIxwcKDcpLDAxNDQ0Hyc5PTgyPC4zNDL/2wBDAQkJCQwLDBgNDRgyIRwhMjIyMjIyMjIyMjIyMjIyMjIyMjIyMjIyMjIyMjIyMjIyMj
                IyMjIyMjIyMjIyMjIyMjL/wAARCAAoACgDASIAAhEBAxEB/8QAGwAAAgIDAQAAAAAAAAAAAAAAAAcEBgIDBQj/xAAuEAACAQQAAwcEAQUAAA
                AAAAABAgMABAUREiExBhMUIkFRYQcWcYGhFTJSgpH/xAAYAQADAQEAAAAAAAAAAAAAAAACAwQBAP/EAB4RAAIBBQEBAQAAAAAAAAAAAAABAg
                MREiExE0HR/9oADAMBAAIRAxEAPwBuXuIkhBuMe5ib/AHQP49q4L3mLitryTLTSpOiHQI5k/HzXa/qbFOEudVTu1dumWvcTaNCZYZ7vU6g6L
                xqjOU/24dfs1Ouh9FnkMpd3Reeyx83hAxZZEhkdV9/MBrX71WGPvJcqrJBGveKATtuXXqNU0pu02bTHXD/AGvJAluyxxRd6F4x00o+NdKoVr
                jbzJdvVe1t5cVLc2ck8qjnohgpPtz2v7G6JtPQ2VJwjlcw+37mchpnK6GtIuv5NFWeTsLNPvxWTvpfjvOEfwKKzEVkSct2vscS/BIzSN0YRk
                eX81UpPqO8masJETu7OOccY4dswYFQeftv096XV5knuJGdm2T1+agvMXj8jEaHX905QihabvcbuS7X566mLWLwSY8PuRnk/u4eZ0deTl71Ef
                6hY+0yM88TzeNZY4luYwpVYyduOfrvhPTnr0pXSX9y5mCsyJMdyxxvwq599em+taItqCSNc90ChvZRUruUcT0JiO18Elpk7t8v41LWzacxkB
                SuvjQ/FFJayjDWrCTepAQ2vUH0oo/Jk3ovpwJJeVCP5CN+lFFaaMqy+nAyuChvrTI2kN9JAsi2ZOy4IBHMnkSCP+iqBexSWdxLazoUljJVlP
                UH2oorkV10pRc7b1zXb/hZOzuJvM86QWEXeELxOzHSIPcmiiiunVlF2RNTpRkrs//Z"
            />
          </figure>
        </div>
        <div
          class="rcx-box rcx-box--full rcx-message-system__container"
        >
          <div
            class="rcx-message-system__block"
          >
            <span
              class="rcx-box rcx-box--full rcx-message-header__name-container"
            >
              <span
                class="rcx-box rcx-box--full rcx-message-system__name"
              >
                Haylie George
              </span>
            </span>
            <div
              class="rcx-message-system__body"
            >
              Reprehenderit ut aliquip ex ea commodo consequat a duis aute irure dolor in in voluptate velit esse cillum dolore eu fugiat nulla pariatur. Consectetur adipiscing elit, sed do eiusmod tempor incididunt ut labore et dolore magna aliqua. Ut enim ad minim veniam...
            </div>
            <span
              class="rcx-box rcx-box--full rcx-message-system__time"
            >
              12:00 PM
            </span>
          </div>
        </div>
      </div>
      <div
        class="rcx-box rcx-box--full rcx-message-system"
      >
        <div
          class="rcx-box rcx-box--full rcx-message-container rcx-message-container--left"
        >
          <figure
            class="rcx-box rcx-box--full rcx-avatar rcx-avatar--x18"
          >
            <img
              alt=""
              class="rcx-avatar__element rcx-avatar__element--x18"
              src="data:image/jpeg;base64,/9j/4AAQSkZJRgABAQAAAQABAAD/2wBDAAgGBgcGBQgHBwcJCQgKDBQNDAsLDBkSEw8UHRofHh0aHBwgJC
                4nICIsIxwcKDcpLDAxNDQ0Hyc5PTgyPC4zNDL/2wBDAQkJCQwLDBgNDRgyIRwhMjIyMjIyMjIyMjIyMjIyMjIyMjIyMjIyMjIyMjIyMjIyMj
                IyMjIyMjIyMjIyMjIyMjL/wAARCAAoACgDASIAAhEBAxEB/8QAGwAAAgIDAQAAAAAAAAAAAAAAAAcEBgIDBQj/xAAuEAACAQQAAwcEAQUAAA
                AAAAABAgMABAUREiExBhMUIkFRYQcWcYGhFTJSgpH/xAAYAQADAQEAAAAAAAAAAAAAAAACAwQBAP/EAB4RAAIBBQEBAQAAAAAAAAAAAAABAg
                MREiExE0HR/9oADAMBAAIRAxEAPwBuXuIkhBuMe5ib/AHQP49q4L3mLitryTLTSpOiHQI5k/HzXa/qbFOEudVTu1dumWvcTaNCZYZ7vU6g6L
                xqjOU/24dfs1Ouh9FnkMpd3Reeyx83hAxZZEhkdV9/MBrX71WGPvJcqrJBGveKATtuXXqNU0pu02bTHXD/AGvJAluyxxRd6F4x00o+NdKoVr
                jbzJdvVe1t5cVLc2ck8qjnohgpPtz2v7G6JtPQ2VJwjlcw+37mchpnK6GtIuv5NFWeTsLNPvxWTvpfjvOEfwKKzEVkSct2vscS/BIzSN0YRk
                eX81UpPqO8masJETu7OOccY4dswYFQeftv096XV5knuJGdm2T1+agvMXj8jEaHX905QihabvcbuS7X566mLWLwSY8PuRnk/u4eZ0deTl71Ef
                6hY+0yM88TzeNZY4luYwpVYyduOfrvhPTnr0pXSX9y5mCsyJMdyxxvwq599em+taItqCSNc90ChvZRUruUcT0JiO18Elpk7t8v41LWzacxkB
                SuvjQ/FFJayjDWrCTepAQ2vUH0oo/Jk3ovpwJJeVCP5CN+lFFaaMqy+nAyuChvrTI2kN9JAsi2ZOy4IBHMnkSCP+iqBexSWdxLazoUljJVlP
                UH2oorkV10pRc7b1zXb/hZOzuJvM86QWEXeELxOzHSIPcmiiiunVlF2RNTpRkrs//Z"
            />
          </figure>
        </div>
        <div
          class="rcx-box rcx-box--full rcx-message-system__container"
        >
          <div
            class="rcx-message-system__block"
          >
            <span
              class="rcx-box rcx-box--full rcx-message-header__name-container"
            >
              <span
                class="rcx-box rcx-box--full rcx-message-system__name"
              >
                Haylie George
              </span>
               
              <span
                class="rcx-box rcx-box--full rcx-message-header__username"
              >
                @haylie.george
              </span>
            </span>
            <div
              class="rcx-message-system__body"
            >
              Ut enim ad minim veniam, quis nostrud exercitation ullamco laboris nisi ut aliquip ex ea commodo consequat a duis aute irure dolor in reprehenderit in voluptate velit esse cillum dolore eu fugiat nulla pariatur. Consectetur adipiscing elit, sed do eiusmod tempor incididunt ut labore et dolore magna aliqua. Ut enim ad minim veniam...
            </div>
            <span
              class="rcx-box rcx-box--full rcx-message-system__time"
            >
              12:00 PM
            </span>
          </div>
        </div>
      </div>
      <div
        class="rcx-box rcx-box--full rcx-message-system rcx-message-system--selected"
      >
        <div
          class="rcx-box rcx-box--full rcx-message-container rcx-message-container--left"
        >
          <figure
            class="rcx-box rcx-box--full rcx-avatar rcx-avatar--x18"
          >
            <img
              alt=""
              class="rcx-avatar__element rcx-avatar__element--x18"
              src="data:image/jpeg;base64,/9j/4AAQSkZJRgABAQAAAQABAAD/2wBDAAgGBgcGBQgHBwcJCQgKDBQNDAsLDBkSEw8UHRofHh0aHBwgJC
                4nICIsIxwcKDcpLDAxNDQ0Hyc5PTgyPC4zNDL/2wBDAQkJCQwLDBgNDRgyIRwhMjIyMjIyMjIyMjIyMjIyMjIyMjIyMjIyMjIyMjIyMjIyMj
                IyMjIyMjIyMjIyMjIyMjL/wAARCAAoACgDASIAAhEBAxEB/8QAGwAAAgIDAQAAAAAAAAAAAAAAAAcEBgIDBQj/xAAuEAACAQQAAwcEAQUAAA
                AAAAABAgMABAUREiExBhMUIkFRYQcWcYGhFTJSgpH/xAAYAQADAQEAAAAAAAAAAAAAAAACAwQBAP/EAB4RAAIBBQEBAQAAAAAAAAAAAAABAg
                MREiExE0HR/9oADAMBAAIRAxEAPwBuXuIkhBuMe5ib/AHQP49q4L3mLitryTLTSpOiHQI5k/HzXa/qbFOEudVTu1dumWvcTaNCZYZ7vU6g6L
                xqjOU/24dfs1Ouh9FnkMpd3Reeyx83hAxZZEhkdV9/MBrX71WGPvJcqrJBGveKATtuXXqNU0pu02bTHXD/AGvJAluyxxRd6F4x00o+NdKoVr
                jbzJdvVe1t5cVLc2ck8qjnohgpPtz2v7G6JtPQ2VJwjlcw+37mchpnK6GtIuv5NFWeTsLNPvxWTvpfjvOEfwKKzEVkSct2vscS/BIzSN0YRk
                eX81UpPqO8masJETu7OOccY4dswYFQeftv096XV5knuJGdm2T1+agvMXj8jEaHX905QihabvcbuS7X566mLWLwSY8PuRnk/u4eZ0deTl71Ef
                6hY+0yM88TzeNZY4luYwpVYyduOfrvhPTnr0pXSX9y5mCsyJMdyxxvwq599em+taItqCSNc90ChvZRUruUcT0JiO18Elpk7t8v41LWzacxkB
                SuvjQ/FFJayjDWrCTepAQ2vUH0oo/Jk3ovpwJJeVCP5CN+lFFaaMqy+nAyuChvrTI2kN9JAsi2ZOy4IBHMnkSCP+iqBexSWdxLazoUljJVlP
                UH2oorkV10pRc7b1zXb/hZOzuJvM86QWEXeELxOzHSIPcmiiiunVlF2RNTpRkrs//Z"
            />
          </figure>
        </div>
        <div
          class="rcx-box rcx-box--full rcx-message-system__container"
        >
          <div
            class="rcx-message-system__block"
          >
            <span
              class="rcx-box rcx-box--full rcx-message-header__name-container"
            >
              <span
                class="rcx-box rcx-box--full rcx-message-system__name"
              >
                Haylie George
              </span>
            </span>
            <div
              class="rcx-message-system__body"
            >
              Ut enim ad minim veniam, quis nostrud exercitation ullamco laboris nisi ut aliquip ex ea commodo consequat a duis aute irure dolor in reprehenderit in voluptate velit esse cillum dolore eu fugiat nulla pariatur. Consectetur adipiscing elit, sed do eiusmod tempor incididunt ut labore et dolore magna aliqua. Ut enim ad minim veniam...
            </div>
            <span
              class="rcx-box rcx-box--full rcx-message-system__time"
            >
              12:00 PM
            </span>
          </div>
        </div>
      </div>
    </div>
  </div>
</body>
`;
