// Jest Snapshot v1, https://goo.gl/fbAQLP

exports[`[TelephoneInput Component] renders without crashing 1`] = `
<body>
  <div>
    <input
      aria-label="telephone"
      class="rcx-box rcx-box--full rcx-box--animated rcx-input-box--type-tel rcx-input-box"
      size="1"
      type="tel"
    />
  </div>
</body>
`;
