// Jest Snapshot v1, https://jestjs.io/docs/snapshot-testing

exports[`renders Default without crashing 1`] = `
<body>
  <div>
    <div
      class="rc-box rcx-box--full rcx-sidebar-item"
    >
      <div
        class="rcx-box rcx-box--full rcx-sidebar-item__wrapper"
      >
        <div
          class="rc-box rcx-box--full rcx-sidebar-item__container"
        >
          <div
            class="rc-box rcx-box--full rcx-sidebar-item__avatar"
          >
            <figure
              class="rcx-box rcx-box--full rcx-avatar rcx-avatar--x16"
            >
              <img
                alt=""
                class="rcx-avatar__element rcx-avatar__element--x16"
                src="data:image/jpeg;base64,/9j/4AAQSkZJRgABAQAAAQABAAD/2wBDAAgGBgcGBQgHBwcJCQgKDBQNDAsLDBkSEw8UHRofHh0aHBwgJC4nICIsIxwcKDcpLDAxNDQ0Hyc5PTgyPC4zNDL/2wBDAQkJCQwLDBgNDRgyIRwhMjIyMjIyMjIyMjIyMjIyMjIyMjIyMjIyMjIyMjIyMjIyMjIyMjIyMjIyMjIyMjIyMjL/wAARCAAoACgDASIAAhEBAxEB/8QAGwAAAgIDAQAAAAAAAAAAAAAAAAcEBgIDBQj/xAAuEAACAQQAAwcEAQUAAAAAAAABAgMABAUREiExBhMUIkFRYQcWcYGhFTJSgpH/xAAYAQADAQEAAAAAAAAAAAAAAAACAwQBAP/EAB4RAAIBBQEBAQAAAAAAAAAAAAABAgMREiExE0HR/9oADAMBAAIRAxEAPwBuXuIkhBuMe5ib/AHQP49q4L3mLitryTLTSpOiHQI5k/HzXa/qbFOEudVTu1dumWvcTaNCZYZ7vU6g6LxqjOU/24dfs1Ouh9FnkMpd3Reeyx83hAxZZEhkdV9/MBrX71WGPvJcqrJBGveKATtuXXqNU0pu02bTHXD/AGvJAluyxxRd6F4x00o+NdKoVrjbzJdvVe1t5cVLc2ck8qjnohgpPtz2v7G6JtPQ2VJwjlcw+37mchpnK6GtIuv5NFWeTsLNPvxWTvpfjvOEfwKKzEVkSct2vscS/BIzSN0YRkeX81UpPqO8masJETu7OOccY4dswYFQeftv096XV5knuJGdm2T1+agvMXj8jEaHX905QihabvcbuS7X566mLWLwSY8PuRnk/u4eZ0deTl71Ef6hY+0yM88TzeNZY4luYwpVYyduOfrvhPTnr0pXSX9y5mCsyJMdyxxvwq599em+taItqCSNc90ChvZRUruUcT0JiO18Elpk7t8v41LWzacxkBSuvjQ/FFJayjDWrCTepAQ2vUH0oo/Jk3ovpwJJeVCP5CN+lFFaaMqy+nAyuChvrTI2kN9JAsi2ZOy4IBHMnkSCP+iqBexSWdxLazoUljJVlPUH2oorkV10pRc7b1zXb/hZOzuJvM86QWEXeELxOzHSIPcmiiiunVlF2RNTpRkrs//Z"
              />
            </figure>
          </div>
        </div>
        <div
          class="rc-box rcx-box--full rcx-sidebar-item__container rcx-sidebar-item__content "
        >
          <div
            class="rc-box rcx-box--full rcx-sidebar-item__wrapper "
          >
            <div
              class="rc-box rcx-box--full rcx-sidebar-item__icon"
            >
              <i
                aria-hidden="true"
                class="rcx-box rcx-box--full rcx-icon--name-lock rcx-icon rcx-css-1g87xs3"
              >
                
              </i>
            </div>
            <div
              class="rc-box rcx-box--full rcx-sidebar-item__title "
            >
              ddsfoasdhfiuashd ousadhfiuasdhfiuashd soduhfiuasdhfia ishdfiuashdfiuas iuashdfiausdh
            </div>
          </div>
        </div>
        <div
          class="rc-box rcx-box--full rcx-sidebar-item__container"
        >
          <div
            class="rcx-button-group rcx-button-group--align-start"
            role="group"
          >
            <button
              aria-label="accept"
              class="rcx-box rcx-box--full rcx-button--small-square rcx-button--icon-secondary-success rcx-button--square rcx-button--icon rcx-button rcx-button-group__item"
              type="button"
            >
              <i
                aria-hidden="true"
                class="rcx-box rcx-box--full rcx-icon--name-phone rcx-icon rcx-css-4pvxx3"
              >
                
              </i>
            </button>
            <button
              aria-label="cancel"
              class="rcx-box rcx-box--full rcx-button--small-square rcx-button--icon-secondary-danger rcx-button--square rcx-button--icon rcx-button rcx-button-group__item"
              type="button"
            >
              <i
                aria-hidden="true"
                class="rcx-box rcx-box--full rcx-icon--name-circle-cross rcx-icon rcx-css-4pvxx3"
              >
                
              </i>
            </button>
            <button
              aria-label="delete"
              class="rcx-box rcx-box--full rcx-button--small-square rcx-button--icon-secondary-info rcx-button--square rcx-button--icon rcx-button rcx-button-group__item"
              type="button"
            >
              <i
                aria-hidden="true"
                class="rcx-box rcx-box--full rcx-icon--name-trash rcx-icon rcx-css-4pvxx3"
              >
                
              </i>
            </button>
            <button
              aria-label="accept"
              class="rcx-box rcx-box--full rcx-button--small-square rcx-button--icon-secondary rcx-button--square rcx-button--icon rcx-button rcx-button-group__item"
              type="button"
            >
              <i
                aria-hidden="true"
                class="rcx-box rcx-box--full rcx-icon--name-phone rcx-icon rcx-css-4pvxx3"
              >
                
              </i>
            </button>
          </div>
        </div>
      </div>
    </div>
    <a
      class="rc-box rcx-box--full rcx-sidebar-item rcx-sidebar-item--highlighted rcx-sidebar-item--clickable"
    >
      <div
        class="rcx-box rcx-box--full rcx-sidebar-item__wrapper"
      >
        <div
          class="rc-box rcx-box--full rcx-sidebar-item__container"
        >
          <div
            class="rc-box rcx-box--full rcx-sidebar-item__avatar"
          >
            <figure
              class="rcx-box rcx-box--full rcx-avatar rcx-avatar--x28"
            >
              <img
                alt=""
                class="rcx-avatar__element rcx-avatar__element--x28"
                src="data:image/jpeg;base64,/9j/4AAQSkZJRgABAQAAAQABAAD/2wBDAAgGBgcGBQgHBwcJCQgKDBQNDAsLDBkSEw8UHRofHh0aHBwgJC4nICIsIxwcKDcpLDAxNDQ0Hyc5PTgyPC4zNDL/2wBDAQkJCQwLDBgNDRgyIRwhMjIyMjIyMjIyMjIyMjIyMjIyMjIyMjIyMjIyMjIyMjIyMjIyMjIyMjIyMjIyMjIyMjL/wAARCAAoACgDASIAAhEBAxEB/8QAGwAAAgIDAQAAAAAAAAAAAAAAAAcEBgIDBQj/xAAuEAACAQQAAwcEAQUAAAAAAAABAgMABAUREiExBhMUIkFRYQcWcYGhFTJSgpH/xAAYAQADAQEAAAAAAAAAAAAAAAACAwQBAP/EAB4RAAIBBQEBAQAAAAAAAAAAAAABAgMREiExE0HR/9oADAMBAAIRAxEAPwBuXuIkhBuMe5ib/AHQP49q4L3mLitryTLTSpOiHQI5k/HzXa/qbFOEudVTu1dumWvcTaNCZYZ7vU6g6LxqjOU/24dfs1Ouh9FnkMpd3Reeyx83hAxZZEhkdV9/MBrX71WGPvJcqrJBGveKATtuXXqNU0pu02bTHXD/AGvJAluyxxRd6F4x00o+NdKoVrjbzJdvVe1t5cVLc2ck8qjnohgpPtz2v7G6JtPQ2VJwjlcw+37mchpnK6GtIuv5NFWeTsLNPvxWTvpfjvOEfwKKzEVkSct2vscS/BIzSN0YRkeX81UpPqO8masJETu7OOccY4dswYFQeftv096XV5knuJGdm2T1+agvMXj8jEaHX905QihabvcbuS7X566mLWLwSY8PuRnk/u4eZ0deTl71Ef6hY+0yM88TzeNZY4luYwpVYyduOfrvhPTnr0pXSX9y5mCsyJMdyxxvwq599em+taItqCSNc90ChvZRUruUcT0JiO18Elpk7t8v41LWzacxkBSuvjQ/FFJayjDWrCTepAQ2vUH0oo/Jk3ovpwJJeVCP5CN+lFFaaMqy+nAyuChvrTI2kN9JAsi2ZOy4IBHMnkSCP+iqBexSWdxLazoUljJVlPUH2oorkV10pRc7b1zXb/hZOzuJvM86QWEXeELxOzHSIPcmiiiunVlF2RNTpRkrs//Z"
              />
            </figure>
          </div>
        </div>
        <div
          class="rc-box rcx-box--full rcx-sidebar-item__container rcx-sidebar-item__content "
        >
          <div
            class="rc-box rcx-box--full rcx-sidebar-item__wrapper "
          >
            <div
              class="rc-box rcx-box--full rcx-sidebar-item__icon"
            >
              <i
                aria-hidden="true"
                class="rcx-box rcx-box--full rcx-icon--name-lock rcx-icon rcx-css-1g87xs3"
              >
                
              </i>
            </div>
            <div
              class="rc-box rcx-box--full rcx-sidebar-item__title "
            >
              highlighted
            </div>
          </div>
        </div>
        <div
          class="rc-box rcx-box--full rcx-sidebar-item__container"
        />
      </div>
    </a>
    <a
      class="rc-box rcx-box--full rcx-sidebar-item rcx-sidebar-item--clickable rcx-sidebar-item--selected"
    >
      <div
        class="rcx-box rcx-box--full rcx-sidebar-item__wrapper"
      >
        <div
          class="rc-box rcx-box--full rcx-sidebar-item__container"
        >
          <div
            class="rc-box rcx-box--full rcx-sidebar-item__avatar"
          >
            <figure
              class="rcx-box rcx-box--full rcx-avatar rcx-avatar--x28"
            >
              <img
                alt=""
                class="rcx-avatar__element rcx-avatar__element--x28"
                src="data:image/jpeg;base64,/9j/4AAQSkZJRgABAQAAAQABAAD/2wBDAAgGBgcGBQgHBwcJCQgKDBQNDAsLDBkSEw8UHRofHh0aHBwgJC4nICIsIxwcKDcpLDAxNDQ0Hyc5PTgyPC4zNDL/2wBDAQkJCQwLDBgNDRgyIRwhMjIyMjIyMjIyMjIyMjIyMjIyMjIyMjIyMjIyMjIyMjIyMjIyMjIyMjIyMjIyMjIyMjL/wAARCAAoACgDASIAAhEBAxEB/8QAGwAAAgIDAQAAAAAAAAAAAAAAAAcEBgIDBQj/xAAuEAACAQQAAwcEAQUAAAAAAAABAgMABAUREiExBhMUIkFRYQcWcYGhFTJSgpH/xAAYAQADAQEAAAAAAAAAAAAAAAACAwQBAP/EAB4RAAIBBQEBAQAAAAAAAAAAAAABAgMREiExE0HR/9oADAMBAAIRAxEAPwBuXuIkhBuMe5ib/AHQP49q4L3mLitryTLTSpOiHQI5k/HzXa/qbFOEudVTu1dumWvcTaNCZYZ7vU6g6LxqjOU/24dfs1Ouh9FnkMpd3Reeyx83hAxZZEhkdV9/MBrX71WGPvJcqrJBGveKATtuXXqNU0pu02bTHXD/AGvJAluyxxRd6F4x00o+NdKoVrjbzJdvVe1t5cVLc2ck8qjnohgpPtz2v7G6JtPQ2VJwjlcw+37mchpnK6GtIuv5NFWeTsLNPvxWTvpfjvOEfwKKzEVkSct2vscS/BIzSN0YRkeX81UpPqO8masJETu7OOccY4dswYFQeftv096XV5knuJGdm2T1+agvMXj8jEaHX905QihabvcbuS7X566mLWLwSY8PuRnk/u4eZ0deTl71Ef6hY+0yM88TzeNZY4luYwpVYyduOfrvhPTnr0pXSX9y5mCsyJMdyxxvwq599em+taItqCSNc90ChvZRUruUcT0JiO18Elpk7t8v41LWzacxkBSuvjQ/FFJayjDWrCTepAQ2vUH0oo/Jk3ovpwJJeVCP5CN+lFFaaMqy+nAyuChvrTI2kN9JAsi2ZOy4IBHMnkSCP+iqBexSWdxLazoUljJVlPUH2oorkV10pRc7b1zXb/hZOzuJvM86QWEXeELxOzHSIPcmiiiunVlF2RNTpRkrs//Z"
              />
            </figure>
          </div>
        </div>
        <div
          class="rc-box rcx-box--full rcx-sidebar-item__container rcx-sidebar-item__content "
        >
          <div
            class="rc-box rcx-box--full rcx-sidebar-item__wrapper "
          >
            <div
              class="rc-box rcx-box--full rcx-sidebar-item__icon"
            >
              <i
                aria-hidden="true"
                class="rcx-box rcx-box--full rcx-icon--name-lock rcx-icon rcx-css-1g87xs3"
              >
                
              </i>
            </div>
            <div
              class="rc-box rcx-box--full rcx-sidebar-item__title "
            >
              ddsfoasdhfiuashd ousadhfiuasdhfiuashd soduhfiuasdhfia ishdfiuashdfiuas iuashdfiausdh
            </div>
          </div>
        </div>
        <div
          class="rc-box rcx-box--full rcx-sidebar-item__container"
        >
          <div
            class="rcx-button-group rcx-button-group--align-start"
            role="group"
          >
            <button
              aria-label="accept"
              class="rcx-box rcx-box--full rcx-button--small-square rcx-button--icon-secondary-success rcx-button--square rcx-button--icon rcx-button rcx-button-group__item"
              type="button"
            >
              <i
                aria-hidden="true"
                class="rcx-box rcx-box--full rcx-icon--name-phone rcx-icon rcx-css-4pvxx3"
              >
                
              </i>
            </button>
            <button
              aria-label="cancel"
              class="rcx-box rcx-box--full rcx-button--small-square rcx-button--icon-secondary-danger rcx-button--square rcx-button--icon rcx-button rcx-button-group__item"
              type="button"
            >
              <i
                aria-hidden="true"
                class="rcx-box rcx-box--full rcx-icon--name-circle-cross rcx-icon rcx-css-4pvxx3"
              >
                
              </i>
            </button>
            <button
              aria-label="delete"
              class="rcx-box rcx-box--full rcx-button--small-square rcx-button--icon-secondary-info rcx-button--square rcx-button--icon rcx-button rcx-button-group__item"
              type="button"
            >
              <i
                aria-hidden="true"
                class="rcx-box rcx-box--full rcx-icon--name-trash rcx-icon rcx-css-4pvxx3"
              >
                
              </i>
            </button>
            <button
              aria-label="accept"
              class="rcx-box rcx-box--full rcx-button--small-square rcx-button--icon-secondary rcx-button--square rcx-button--icon rcx-button rcx-button-group__item"
              type="button"
            >
              <i
                aria-hidden="true"
                class="rcx-box rcx-box--full rcx-icon--name-phone rcx-icon rcx-css-4pvxx3"
              >
                
              </i>
            </button>
          </div>
        </div>
      </div>
    </a>
    <a
      class="rc-box rcx-box--full rcx-sidebar-item rcx-sidebar-item--clickable"
    >
      <div
        class="rcx-box rcx-box--full rcx-sidebar-item__wrapper"
      >
        <div
          class="rc-box rcx-box--full rcx-sidebar-item__container"
        >
          <div
            class="rc-box rcx-box--full rcx-sidebar-item__avatar"
          >
            <figure
              class="rcx-box rcx-box--full rcx-avatar rcx-avatar--x36"
            >
              <img
                alt=""
                class="rcx-avatar__element rcx-avatar__element--x36"
                src="data:image/jpeg;base64,/9j/4AAQSkZJRgABAQAAAQABAAD/2wBDAAgGBgcGBQgHBwcJCQgKDBQNDAsLDBkSEw8UHRofHh0aHBwgJC4nICIsIxwcKDcpLDAxNDQ0Hyc5PTgyPC4zNDL/2wBDAQkJCQwLDBgNDRgyIRwhMjIyMjIyMjIyMjIyMjIyMjIyMjIyMjIyMjIyMjIyMjIyMjIyMjIyMjIyMjIyMjIyMjL/wAARCAAoACgDASIAAhEBAxEB/8QAGwAAAgIDAQAAAAAAAAAAAAAAAAcEBgIDBQj/xAAuEAACAQQAAwcEAQUAAAAAAAABAgMABAUREiExBhMUIkFRYQcWcYGhFTJSgpH/xAAYAQADAQEAAAAAAAAAAAAAAAACAwQBAP/EAB4RAAIBBQEBAQAAAAAAAAAAAAABAgMREiExE0HR/9oADAMBAAIRAxEAPwBuXuIkhBuMe5ib/AHQP49q4L3mLitryTLTSpOiHQI5k/HzXa/qbFOEudVTu1dumWvcTaNCZYZ7vU6g6LxqjOU/24dfs1Ouh9FnkMpd3Reeyx83hAxZZEhkdV9/MBrX71WGPvJcqrJBGveKATtuXXqNU0pu02bTHXD/AGvJAluyxxRd6F4x00o+NdKoVrjbzJdvVe1t5cVLc2ck8qjnohgpPtz2v7G6JtPQ2VJwjlcw+37mchpnK6GtIuv5NFWeTsLNPvxWTvpfjvOEfwKKzEVkSct2vscS/BIzSN0YRkeX81UpPqO8masJETu7OOccY4dswYFQeftv096XV5knuJGdm2T1+agvMXj8jEaHX905QihabvcbuS7X566mLWLwSY8PuRnk/u4eZ0deTl71Ef6hY+0yM88TzeNZY4luYwpVYyduOfrvhPTnr0pXSX9y5mCsyJMdyxxvwq599em+taItqCSNc90ChvZRUruUcT0JiO18Elpk7t8v41LWzacxkBSuvjQ/FFJayjDWrCTepAQ2vUH0oo/Jk3ovpwJJeVCP5CN+lFFaaMqy+nAyuChvrTI2kN9JAsi2ZOy4IBHMnkSCP+iqBexSWdxLazoUljJVlPUH2oorkV10pRc7b1zXb/hZOzuJvM86QWEXeELxOzHSIPcmiiiunVlF2RNTpRkrs//Z"
              />
            </figure>
          </div>
        </div>
        <div
          class="rc-box rcx-box--full rcx-sidebar-item__container rcx-sidebar-item__content "
        >
          <div
            class="rc-box rcx-box--full rcx-sidebar-item__container rcx-sidebar-item__content "
          >
            <div
              class="rc-box rcx-box--full rcx-sidebar-item__wrapper "
            >
              <div
                class="rc-box rcx-box--full rcx-sidebar-item__icon"
              >
                <i
                  aria-hidden="true"
                  class="rcx-box rcx-box--full rcx-icon--name-lock rcx-icon rcx-css-1g87xs3"
                >
                  
                </i>
              </div>
              <div
                class="rc-box rcx-box--full rcx-sidebar-item__title "
              >
                ddsfoasdhfiuashd ousadhfiuasdhfiuashd soduhfiuasdhfia ishdfiuashdfiuas iuashdfiausdh
              </div>
            </div>
          </div>
          <div
            class="rc-box rcx-box--full rcx-sidebar-item__container rcx-sidebar-item__content "
          >
            <div
              class="rc-box rcx-box--full rcx-sidebar-item__wrapper "
            >
              <div
                class="rc-box rcx-box--full rcx-sidebar-item__subtitle undefined"
              >
                ddsfoasdhfiuashd ousadhfiuasdhfiuashd soduhfiuasdhfia ishdfiuashdfiuas iuashdfiausdh
              </div>
            </div>
          </div>
        </div>
        <div
          class="rc-box rcx-box--full rcx-sidebar-item__container"
        >
          <div
            class="rc-box rcx-box--full rcx-sidebar-item__container"
          >
            <div
              class="rcx-button-group rcx-button-group--align-start"
              role="group"
            >
              <button
                aria-label="accept"
                class="rcx-box rcx-box--full rcx-button--small-square rcx-button--icon-secondary-success rcx-button--square rcx-button--icon rcx-button rcx-button-group__item"
                type="button"
              >
                <i
                  aria-hidden="true"
                  class="rcx-box rcx-box--full rcx-icon--name-phone rcx-icon rcx-css-4pvxx3"
                >
                  
                </i>
              </button>
              <button
                aria-label="cancel"
                class="rcx-box rcx-box--full rcx-button--small-square rcx-button--icon-secondary-danger rcx-button--square rcx-button--icon rcx-button rcx-button-group__item"
                type="button"
              >
                <i
                  aria-hidden="true"
                  class="rcx-box rcx-box--full rcx-icon--name-circle-cross rcx-icon rcx-css-4pvxx3"
                >
                  
                </i>
              </button>
              <button
                aria-label="delete"
                class="rcx-box rcx-box--full rcx-button--small-square rcx-button--icon-secondary-info rcx-button--square rcx-button--icon rcx-button rcx-button-group__item"
                type="button"
              >
                <i
                  aria-hidden="true"
                  class="rcx-box rcx-box--full rcx-icon--name-trash rcx-icon rcx-css-4pvxx3"
                >
                  
                </i>
              </button>
              <button
                aria-label="accept"
                class="rcx-box rcx-box--full rcx-button--small-square rcx-button--icon-secondary rcx-button--square rcx-button--icon rcx-button rcx-button-group__item"
                type="button"
              >
                <i
                  aria-hidden="true"
                  class="rcx-box rcx-box--full rcx-icon--name-phone rcx-icon rcx-css-4pvxx3"
                >
                  
                </i>
              </button>
            </div>
          </div>
        </div>
      </div>
    </a>
  </div>
</body>
`;
