// Jest Snapshot v1, https://goo.gl/fbAQLP

exports[`[CardGrid Rendering] renders _CardGrid without crashing 1`] = `
<body>
  <div>
    <div
      class="rcx-box rcx-box--full rcx-grid__wrapper"
    >
      <div
        class="rcx-box rcx-box--full rcx-card-grid rcx-grid rcx-css-9tlmd6"
      >
        <div
          class="rcx-box rcx-box--full rcx-card-grid__item rcx-grid__item--xl-3 rcx-grid__item--lg-3 rcx-grid__item--md-4 rcx-grid__item--sm-4 rcx-grid__item--xs-4 rcx-grid__item rcx-css-itjqln"
        >
          <div
            class="rcx-box rcx-box--full rcx-card__vertical rcx-card"
          >
            <div
              class="rcx-card__header"
            >
              <i
                aria-hidden="true"
                class="rcx-box rcx-box--full rcx-icon--name-address-book rcx-icon rcx-css-f8dsuo"
              >
                
              </i>
              <h3
                class="rcx-box rcx-box--full rcx-card__title rcx-css-1sfto34"
              >
                Heading 3
                <span
                  class="rcx-box rcx-box--full rcx-label__info rcx-css-wcp0mp"
                >
                  <span
                    hidden=""
                  >
                    Heading info
                  </span>
                  <i
                    aria-hidden="true"
                    class="rcx-box rcx-box--full rcx-icon--name-info-circled rcx-icon"
                    title="Heading info"
                  >
                    
                  </i>
                </span>
              </h3>
            </div>
            <div
              class="rcx-box rcx-box--full rcx-card__body rcx-css-1brox57"
            >
              Lorem ipsum dolor sit amet. In adipisci consequatur qui laudantium rem praesentium earum ut consectetur. Lorem ipsum dolor sit amet. In adipisci consequatur qui laudantium rem praesentium earum ut consectetur.
            </div>
            <div
              class="rcx-card__controls"
            >
              <button
                class="rcx-box rcx-box--full rcx-button--medium rcx-button--primary rcx-button"
                type="button"
              >
                <span
                  class="rcx-button--content"
                >
                  Button
                </span>
              </button>
              <button
                class="rcx-box rcx-box--full rcx-button--medium rcx-button"
                type="button"
              >
                <span
                  class="rcx-button--content"
                >
                  Button
                </span>
              </button>
            </div>
          </div>
        </div>
        <div
          class="rcx-box rcx-box--full rcx-card-grid__item rcx-grid__item--xl-3 rcx-grid__item--lg-3 rcx-grid__item--md-4 rcx-grid__item--sm-4 rcx-grid__item--xs-4 rcx-grid__item rcx-css-itjqln"
        >
          <div
            class="rcx-box rcx-box--full rcx-card__vertical rcx-card"
          >
            <div
              class="rcx-card__header"
            >
              <i
                aria-hidden="true"
                class="rcx-box rcx-box--full rcx-icon--name-address-book rcx-icon rcx-css-f8dsuo"
              >
                
              </i>
              <h3
                class="rcx-box rcx-box--full rcx-card__title rcx-css-1sfto34"
              >
                Heading 3
                <span
                  class="rcx-box rcx-box--full rcx-label__info rcx-css-wcp0mp"
                >
                  <span
                    hidden=""
                  >
                    Heading info
                  </span>
                  <i
                    aria-hidden="true"
                    class="rcx-box rcx-box--full rcx-icon--name-info-circled rcx-icon"
                    title="Heading info"
                  >
                    
                  </i>
                </span>
              </h3>
            </div>
            <div
              class="rcx-box rcx-box--full rcx-card__body rcx-css-1brox57"
            >
              Lorem ipsum dolor sit amet. In adipisci consequatur qui laudantium rem praesentium earum ut consectetur. Lorem ipsum dolor sit amet. In adipisci consequatur qui laudantium rem praesentium earum ut consectetur.
            </div>
            <div
              class="rcx-card__controls"
            >
              <button
                class="rcx-box rcx-box--full rcx-button--medium rcx-button--primary rcx-button"
                type="button"
              >
                <span
                  class="rcx-button--content"
                >
                  Button
                </span>
              </button>
              <button
                class="rcx-box rcx-box--full rcx-button--medium rcx-button"
                type="button"
              >
                <span
                  class="rcx-button--content"
                >
                  Button
                </span>
              </button>
            </div>
          </div>
        </div>
        <div
          class="rcx-box rcx-box--full rcx-card-grid__item rcx-grid__item--xl-3 rcx-grid__item--lg-3 rcx-grid__item--md-4 rcx-grid__item--sm-4 rcx-grid__item--xs-4 rcx-grid__item rcx-css-itjqln"
        >
          <div
            class="rcx-box rcx-box--full rcx-card__vertical rcx-card"
          >
            <div
              class="rcx-card__header"
            >
              <i
                aria-hidden="true"
                class="rcx-box rcx-box--full rcx-icon--name-address-book rcx-icon rcx-css-f8dsuo"
              >
                
              </i>
              <h3
                class="rcx-box rcx-box--full rcx-card__title rcx-css-1sfto34"
              >
                Heading 3
                <span
                  class="rcx-box rcx-box--full rcx-label__info rcx-css-wcp0mp"
                >
                  <span
                    hidden=""
                  >
                    Heading info
                  </span>
                  <i
                    aria-hidden="true"
                    class="rcx-box rcx-box--full rcx-icon--name-info-circled rcx-icon"
                    title="Heading info"
                  >
                    
                  </i>
                </span>
              </h3>
            </div>
            <div
              class="rcx-box rcx-box--full rcx-card__body rcx-css-1brox57"
            >
              Lorem ipsum dolor sit amet. In adipisci consequatur qui laudantium rem praesentium earum ut consectetur. Lorem ipsum dolor sit amet. In adipisci consequatur qui laudantium rem praesentium earum ut consectetur.
            </div>
            <div
              class="rcx-card__controls"
            >
              <button
                class="rcx-box rcx-box--full rcx-button--medium rcx-button--primary rcx-button"
                type="button"
              >
                <span
                  class="rcx-button--content"
                >
                  Button
                </span>
              </button>
              <button
                class="rcx-box rcx-box--full rcx-button--medium rcx-button"
                type="button"
              >
                <span
                  class="rcx-button--content"
                >
                  Button
                </span>
              </button>
            </div>
          </div>
        </div>
        <div
          class="rcx-box rcx-box--full rcx-card-grid__item rcx-grid__item--xl-3 rcx-grid__item--lg-3 rcx-grid__item--md-4 rcx-grid__item--sm-4 rcx-grid__item--xs-4 rcx-grid__item rcx-css-itjqln"
        >
          <div
            class="rcx-box rcx-box--full rcx-card__vertical rcx-card"
          >
            <div
              class="rcx-card__header"
            >
              <i
                aria-hidden="true"
                class="rcx-box rcx-box--full rcx-icon--name-address-book rcx-icon rcx-css-f8dsuo"
              >
                
              </i>
              <h3
                class="rcx-box rcx-box--full rcx-card__title rcx-css-1sfto34"
              >
                Heading 3
                <span
                  class="rcx-box rcx-box--full rcx-label__info rcx-css-wcp0mp"
                >
                  <span
                    hidden=""
                  >
                    Heading info
                  </span>
                  <i
                    aria-hidden="true"
                    class="rcx-box rcx-box--full rcx-icon--name-info-circled rcx-icon"
                    title="Heading info"
                  >
                    
                  </i>
                </span>
              </h3>
            </div>
            <div
              class="rcx-box rcx-box--full rcx-card__body rcx-css-1brox57"
            >
              Lorem ipsum dolor sit amet. In adipisci consequatur qui laudantium rem praesentium earum ut consectetur. Lorem ipsum dolor sit amet. In adipisci consequatur qui laudantium rem praesentium earum ut consectetur.
            </div>
            <div
              class="rcx-card__controls"
            >
              <button
                class="rcx-box rcx-box--full rcx-button--medium rcx-button--primary rcx-button"
                type="button"
              >
                <span
                  class="rcx-button--content"
                >
                  Button
                </span>
              </button>
              <button
                class="rcx-box rcx-box--full rcx-button--medium rcx-button"
                type="button"
              >
                <span
                  class="rcx-button--content"
                >
                  Button
                </span>
              </button>
            </div>
          </div>
        </div>
        <div
          class="rcx-box rcx-box--full rcx-card-grid__item rcx-grid__item--xl-3 rcx-grid__item--lg-3 rcx-grid__item--md-4 rcx-grid__item--sm-4 rcx-grid__item--xs-4 rcx-grid__item rcx-css-itjqln"
        >
          <div
            class="rcx-box rcx-box--full rcx-card__vertical rcx-card"
          >
            <div
              class="rcx-card__header"
            >
              <i
                aria-hidden="true"
                class="rcx-box rcx-box--full rcx-icon--name-address-book rcx-icon rcx-css-f8dsuo"
              >
                
              </i>
              <h3
                class="rcx-box rcx-box--full rcx-card__title rcx-css-1sfto34"
              >
                Heading 3
                <span
                  class="rcx-box rcx-box--full rcx-label__info rcx-css-wcp0mp"
                >
                  <span
                    hidden=""
                  >
                    Heading info
                  </span>
                  <i
                    aria-hidden="true"
                    class="rcx-box rcx-box--full rcx-icon--name-info-circled rcx-icon"
                    title="Heading info"
                  >
                    
                  </i>
                </span>
              </h3>
            </div>
            <div
              class="rcx-box rcx-box--full rcx-card__body rcx-css-1brox57"
            >
              Lorem ipsum dolor sit amet. In adipisci consequatur qui laudantium rem praesentium earum ut consectetur. Lorem ipsum dolor sit amet. In adipisci consequatur qui laudantium rem praesentium earum ut consectetur.
            </div>
            <div
              class="rcx-card__controls"
            >
              <button
                class="rcx-box rcx-box--full rcx-button--medium rcx-button--primary rcx-button"
                type="button"
              >
                <span
                  class="rcx-button--content"
                >
                  Button
                </span>
              </button>
              <button
                class="rcx-box rcx-box--full rcx-button--medium rcx-button"
                type="button"
              >
                <span
                  class="rcx-button--content"
                >
                  Button
                </span>
              </button>
            </div>
          </div>
        </div>
        <div
          class="rcx-box rcx-box--full rcx-card-grid__item rcx-grid__item--xl-3 rcx-grid__item--lg-3 rcx-grid__item--md-4 rcx-grid__item--sm-4 rcx-grid__item--xs-4 rcx-grid__item rcx-css-itjqln"
        >
          <div
            class="rcx-box rcx-box--full rcx-card__vertical rcx-card"
          >
            <div
              class="rcx-card__header"
            >
              <i
                aria-hidden="true"
                class="rcx-box rcx-box--full rcx-icon--name-address-book rcx-icon rcx-css-f8dsuo"
              >
                
              </i>
              <h3
                class="rcx-box rcx-box--full rcx-card__title rcx-css-1sfto34"
              >
                Heading 3
                <span
                  class="rcx-box rcx-box--full rcx-label__info rcx-css-wcp0mp"
                >
                  <span
                    hidden=""
                  >
                    Heading info
                  </span>
                  <i
                    aria-hidden="true"
                    class="rcx-box rcx-box--full rcx-icon--name-info-circled rcx-icon"
                    title="Heading info"
                  >
                    
                  </i>
                </span>
              </h3>
            </div>
            <div
              class="rcx-box rcx-box--full rcx-card__body rcx-css-1brox57"
            >
              Lorem ipsum dolor sit amet. In adipisci consequatur qui laudantium rem praesentium earum ut consectetur. Lorem ipsum dolor sit amet. In adipisci consequatur qui laudantium rem praesentium earum ut consectetur.
            </div>
            <div
              class="rcx-card__controls"
            >
              <button
                class="rcx-box rcx-box--full rcx-button--medium rcx-button--primary rcx-button"
                type="button"
              >
                <span
                  class="rcx-button--content"
                >
                  Button
                </span>
              </button>
              <button
                class="rcx-box rcx-box--full rcx-button--medium rcx-button"
                type="button"
              >
                <span
                  class="rcx-button--content"
                >
                  Button
                </span>
              </button>
            </div>
          </div>
        </div>
        <div
          class="rcx-box rcx-box--full rcx-card-grid__item rcx-grid__item--xl-3 rcx-grid__item--lg-3 rcx-grid__item--md-4 rcx-grid__item--sm-4 rcx-grid__item--xs-4 rcx-grid__item rcx-css-itjqln"
        >
          <div
            class="rcx-box rcx-box--full rcx-card__vertical rcx-card"
          >
            <div
              class="rcx-card__header"
            >
              <i
                aria-hidden="true"
                class="rcx-box rcx-box--full rcx-icon--name-address-book rcx-icon rcx-css-f8dsuo"
              >
                
              </i>
              <h3
                class="rcx-box rcx-box--full rcx-card__title rcx-css-1sfto34"
              >
                Heading 3
                <span
                  class="rcx-box rcx-box--full rcx-label__info rcx-css-wcp0mp"
                >
                  <span
                    hidden=""
                  >
                    Heading info
                  </span>
                  <i
                    aria-hidden="true"
                    class="rcx-box rcx-box--full rcx-icon--name-info-circled rcx-icon"
                    title="Heading info"
                  >
                    
                  </i>
                </span>
              </h3>
            </div>
            <div
              class="rcx-box rcx-box--full rcx-card__body rcx-css-1brox57"
            >
              Lorem ipsum dolor sit amet. In adipisci consequatur qui laudantium rem praesentium earum ut consectetur. Lorem ipsum dolor sit amet. In adipisci consequatur qui laudantium rem praesentium earum ut consectetur.
            </div>
            <div
              class="rcx-card__controls"
            >
              <button
                class="rcx-box rcx-box--full rcx-button--medium rcx-button--primary rcx-button"
                type="button"
              >
                <span
                  class="rcx-button--content"
                >
                  Button
                </span>
              </button>
              <button
                class="rcx-box rcx-box--full rcx-button--medium rcx-button"
                type="button"
              >
                <span
                  class="rcx-button--content"
                >
                  Button
                </span>
              </button>
            </div>
          </div>
        </div>
        <div
          class="rcx-box rcx-box--full rcx-card-grid__item rcx-grid__item--xl-3 rcx-grid__item--lg-3 rcx-grid__item--md-4 rcx-grid__item--sm-4 rcx-grid__item--xs-4 rcx-grid__item rcx-css-itjqln"
        >
          <div
            class="rcx-box rcx-box--full rcx-card__vertical rcx-card"
          >
            <div
              class="rcx-card__header"
            >
              <i
                aria-hidden="true"
                class="rcx-box rcx-box--full rcx-icon--name-address-book rcx-icon rcx-css-f8dsuo"
              >
                
              </i>
              <h3
                class="rcx-box rcx-box--full rcx-card__title rcx-css-1sfto34"
              >
                Heading 3
                <span
                  class="rcx-box rcx-box--full rcx-label__info rcx-css-wcp0mp"
                >
                  <span
                    hidden=""
                  >
                    Heading info
                  </span>
                  <i
                    aria-hidden="true"
                    class="rcx-box rcx-box--full rcx-icon--name-info-circled rcx-icon"
                    title="Heading info"
                  >
                    
                  </i>
                </span>
              </h3>
            </div>
            <div
              class="rcx-box rcx-box--full rcx-card__body rcx-css-1brox57"
            >
              Lorem ipsum dolor sit amet. In adipisci consequatur qui laudantium rem praesentium earum ut consectetur. Lorem ipsum dolor sit amet. In adipisci consequatur qui laudantium rem praesentium earum ut consectetur.
            </div>
            <div
              class="rcx-card__controls"
            >
              <button
                class="rcx-box rcx-box--full rcx-button--medium rcx-button--primary rcx-button"
                type="button"
              >
                <span
                  class="rcx-button--content"
                >
                  Button
                </span>
              </button>
              <button
                class="rcx-box rcx-box--full rcx-button--medium rcx-button"
                type="button"
              >
                <span
                  class="rcx-button--content"
                >
                  Button
                </span>
              </button>
            </div>
          </div>
        </div>
        <div
          class="rcx-box rcx-box--full rcx-card-grid__item rcx-grid__item--xl-3 rcx-grid__item--lg-3 rcx-grid__item--md-4 rcx-grid__item--sm-4 rcx-grid__item--xs-4 rcx-grid__item rcx-css-itjqln"
        >
          <div
            class="rcx-box rcx-box--full rcx-card__vertical rcx-card"
          >
            <div
              class="rcx-card__header"
            >
              <i
                aria-hidden="true"
                class="rcx-box rcx-box--full rcx-icon--name-address-book rcx-icon rcx-css-f8dsuo"
              >
                
              </i>
              <h3
                class="rcx-box rcx-box--full rcx-card__title rcx-css-1sfto34"
              >
                Heading 3
                <span
                  class="rcx-box rcx-box--full rcx-label__info rcx-css-wcp0mp"
                >
                  <span
                    hidden=""
                  >
                    Heading info
                  </span>
                  <i
                    aria-hidden="true"
                    class="rcx-box rcx-box--full rcx-icon--name-info-circled rcx-icon"
                    title="Heading info"
                  >
                    
                  </i>
                </span>
              </h3>
            </div>
            <div
              class="rcx-box rcx-box--full rcx-card__body rcx-css-1brox57"
            >
              Lorem ipsum dolor sit amet. In adipisci consequatur qui laudantium rem praesentium earum ut consectetur. Lorem ipsum dolor sit amet. In adipisci consequatur qui laudantium rem praesentium earum ut consectetur.
            </div>
            <div
              class="rcx-card__controls"
            >
              <button
                class="rcx-box rcx-box--full rcx-button--medium rcx-button--primary rcx-button"
                type="button"
              >
                <span
                  class="rcx-button--content"
                >
                  Button
                </span>
              </button>
              <button
                class="rcx-box rcx-box--full rcx-button--medium rcx-button"
                type="button"
              >
                <span
                  class="rcx-button--content"
                >
                  Button
                </span>
              </button>
            </div>
          </div>
        </div>
      </div>
    </div>
  </div>
</body>
`;
